============================================================
检查路径 1: 材料缺失提交实名资料时状态和审核记录不变
============================================================
提交前状态: NOT_SUBMITTED
提交前更新时间: 2026-07-25T09:59:59.0222667
提交前审核记录数: 0

提交结果 (预期错误): code=400, message=请至少提交一项认证材料

提交后状态: NOT_SUBMITTED
提交后更新时间: 2026-07-25T09:59:59.0222667
提交后审核记录数: 0

状态未变: True
更新时间未变: True
审核记录未变: True
>>> 检查 1 结果: 通过

============================================================
检查路径 2: 驳回或退回不填原因时返回错误
============================================================
驳回空原因 (预期错误): code=400, message=驳回原因不能为空
退回空原因 (预期错误): code=400, message=退回原因不能为空
状态未变: True
>>> 检查 2 结果: 通过

============================================================
检查路径 3: 需求详情能看到不可签约服务商及原因
============================================================
推荐服务商总数: 10
可签约数量: 0
不可签约数量: 10

  李桂芳 [不可签约]: 未通过实名认证
  王师傅 [不可签约]: 职业类型不匹配, 服务城市不同, 技能不匹配
  张月嫂 [不可签约]: 未通过实名认证, 职业类型不匹配, 服务城市不同, 技能不匹配
  赵阿姨 [不可签约]: 未通过实名认证, 职业类型不匹配, 服务城市不同, 技能不匹配
  钱大爷 [不可签约]: 未通过实名认证, 职业类型不匹配, 服务城市不同, 技能不匹配
  孙女士 [不可签约]: 职业类型不匹配, 服务城市不同, 技能不匹配
  周师傅 [不可签约]: 未通过实名认证, 职业类型不匹配, 服务城市不同, 技能不匹配
  吴老师 [不可签约]: 未通过实名认证, 职业类型不匹配, 服务城市不同, 技能不匹配
  冯师傅 [不可签约]: 未通过实名认证, 职业类型不匹配, 服务城市不同, 技能不匹配
  郑阿姨 [不可签约]: 未通过实名认证, 职业类型不匹配, 服务城市不同, 技能不匹配

>>> 检查 3 结果: 通过

============================================================
检查路径 4: 选择可签约服务商生成草案后列表和详情同步
============================================================
需求 REQ0002 当前状态: OPEN
已有合同数: 1

选择可签约服务商: 王师傅 (SP0002)
python : Traceback (most recent call last):
At line:15 char:6010
+ ... pgrep\bin'; python "d:\code-space\coding-soler\order-analytics-search ...
+                 ~~~~~~~~~~~~~~~~~~~~~~~~~~~~~~~~~~~~~~~~~~~~~~~~~~~~~~~~~
    + CategoryInfo          : NotSpecified: (Traceback (most recent call last)::String) [], RemoteException
    + FullyQualifiedErrorId : NativeCommandError
 
  File "d:\code-space\coding-soler\order-analytics-search-395bd4bf-p2\test-scenarios.py", line 119, in <module>
    print(f"生成合同草案成功: {contract['id']}")
                               ~~~~~~~~^^^^^^
TypeError: 'NoneType' object is not subscriptable
